// Jest Snapshot v1, https://goo.gl/fbAQLP

exports[`SvgIcon.vue without theme renders correctly 1`] = `<span aria-hidden="true" class="svg-icon custom-color"><svg viewBox="0 0 24 24"><!----></svg> <!----></span>`;
